[    0.000000] Initializing cgroup subsys cpuset
[    0.000000] Initializing cgroup subsys cpu
[    0.000000] Initializing cgroup subsys cpuacct
[    0.000000] Linux version 4.4.0-210-generic (buildd@lgw01-amd64-009) (gcc version 5.4.0 20160609 (Ubuntu 5.4.0-6ubuntu1~16.04.12) ) #242-Ubuntu SMP Fri Apr 16 09:57:56 UTC 2021 (Ubuntu 4.4.0-210.242-generic 4.4.262)
[    0.000000] Command line: BOOT_IMAGE=/boot/vmlinuz-4.4.0-210-generic root=LABEL=cloudimg-rootfs ro console=tty1 console=ttyS0
[    0.000000] KERNEL supported cpus:
[    0.000000]   Intel GenuineIntel
[    0.000000]   AMD AuthenticAMD
[    0.000000]   Centaur CentaurHauls
[    0.000000] x86/fpu: xstate_offset[2]:  576, xstate_sizes[2]:  256
[    0.000000] x86/fpu: Supporting XSAVE feature 0x01: 'x87 floating point registers'
[    0.000000] x86/fpu: Supporting XSAVE feature 0x02: 'SSE registers'
[    0.000000] x86/fpu: Supporting XSAVE feature 0x04: 'AVX registers'
[    0.000000] x86/fpu: Enabled xstate features 0x7, context size is 832 bytes, using 'standard' format.
[    0.000000] e820: BIOS-provided physical RAM map:
[    0.000000] BIOS-e820: [mem 0x0000000000000000-0x000000000009fbff] usable
[    0.000000] BIOS-e820: [mem 0x000000000009fc00-0x000000000009ffff] reserved
[    0.000000] BIOS-e820: [mem 0x00000000000f0000-0x00000000000fffff] reserved
[    0.000000] BIOS-e820: [mem 0x0000000000100000-0x00000000dffeffff] usable
[    0.000000] BIOS-e820: [mem 0x00000000dfff0000-0x00000000dfffffff] ACPI data
[    0.000000] BIOS-e820: [mem 0x00000000fec00000-0x00000000fec00fff] reserved
[    0.000000] BIOS-e820: [mem 0x00000000fee00000-0x00000000fee00fff] reserved
[    0.000000] BIOS-e820: [mem 0x00000000fffc0000-0x00000000ffffffff] reserved
[    0.000000] BIOS-e820: [mem 0x0000000100000000-0x000000011fffffff] usable
[    0.000000] NX (Execute Disable) protection: active
[    0.000000] SMBIOS 2.5 present.
[    0.000000] Hypervisor detected: KVM
[    0.000000] e820: last_pfn = 0x120000 max_arch_pfn = 0x400000000
[    0.000000] MTRR: Disabled
[    0.000000] x86/PAT: MTRRs disabled, skipping PAT initialization too.
[    0.000000] CPU MTRRs all blank - virtualized system.
[    0.000000] x86/PAT: Configuration [0-7]: WB  WT  UC- UC  WB  WT  UC- UC  
[    0.000000] e820: last_pfn = 0xdfff0 max_arch_pfn = 0x400000000
[    0.000000] found SMP MP-table at [mem 0x0009fff0-0x0009ffff] mapped at [ffff88000009fff0]
[    0.000000] Scanning 1 areas for low memory corruption
[    0.000000] RAMDISK: [mem 0x362dc000-0x37165fff]
[    0.000000] ACPI: Early table checksum verification disabled
[    0.000000] ACPI: RSDP 0x00000000000E0000 000024 (v02 VBOX  )
[    0.000000] ACPI: XSDT 0x00000000DFFF0030 00003C (v01 VBOX   VBOXXSDT 00000001 ASL  00000061)
[    0.000000] ACPI: FACP 0x00000000DFFF00F0 0000F4 (v04 VBOX   VBOXFACP 00000001 ASL  00000061)
[    0.000000] ACPI: DSDT 0x00000000DFFF0470 002325 (v02 VBOX   VBOXBIOS 00000002 INTL 20100528)
[    0.000000] ACPI: FACS 0x00000000DFFF0200 000040
[    0.000000] ACPI: FACS 0x00000000DFFF0200 000040
[    0.000000] ACPI: APIC 0x00000000DFFF0240 00005C (v02 VBOX   VBOXAPIC 00000001 ASL  00000061)
[    0.000000] ACPI: SSDT 0x00000000DFFF02A0 0001CC (v01 VBOX   VBOXCPUT 00000002 INTL 20100528)
[    0.000000] No NUMA configuration found
[    0.000000] Faking a node at [mem 0x0000000000000000-0x000000011fffffff]
[    0.000000] NODE_DATA(0) allocated [mem 0x11fff7000-0x11fffbfff]
[    0.000000] kvm-clock: Using msrs 4b564d01 and 4b564d00
[    0.000000] kvm-clock: cpu 0, msr 1:1ffef001, primary cpu clock
[    0.000000] kvm-clock: using sched offset of 5301752245 cycles
[    0.000000] clocksource: kvm-clock: mask: 0xffffffffffffffff max_cycles: 0x1cd42e4dffb, max_idle_ns: 881590591483 ns
[    0.000000] Zone ranges:
[    0.000000]   DMA      [mem 0x0000000000001000-0x0000000000ffffff]
[    0.000000]   DMA32    [mem 0x0000000001000000-0x00000000ffffffff]
[    0.000000]   Normal   [mem 0x0000000100000000-0x000000011fffffff]
[    0.000000]   Device   empty
[    0.000000] Movable zone start for each node
[    0.000000] Early memory node ranges
[    0.000000]   node   0: [mem 0x0000000000001000-0x000000000009efff]
[    0.000000]   node   0: [mem 0x0000000000100000-0x00000000dffeffff]
[    0.000000]   node   0: [mem 0x0000000100000000-0x000000011fffffff]
[    0.000000] Initmem setup node 0 [mem 0x0000000000001000-0x000000011fffffff]
[    0.000000] ACPI: PM-Timer IO Port: 0x4008
[    0.000000] IOAPIC[0]: apic_id 2, version 32, address 0xfec00000, GSI 0-23
[    0.000000] ACPI: INT_SRC_OVR (bus 0 bus_irq 0 global_irq 2 dfl dfl)
[    0.000000] ACPI: INT_SRC_OVR (bus 0 bus_irq 9 global_irq 9 low level)
[    0.000000] Using ACPI (MADT) for SMP configuration information
[    0.000000] smpboot: Allowing 2 CPUs, 0 hotplug CPUs
[    0.000000] PM: Registered nosave memory: [mem 0x00000000-0x00000fff]
[    0.000000] PM: Registered nosave memory: [mem 0x0009f000-0x0009ffff]
[    0.000000] PM: Registered nosave memory: [mem 0x000a0000-0x000effff]
[    0.000000] PM: Registered nosave memory: [mem 0x000f0000-0x000fffff]
[    0.000000] PM: Registered nosave memory: [mem 0xdfff0000-0xdfffffff]
[    0.000000] PM: Registered nosave memory: [mem 0xe0000000-0xfebfffff]
[    0.000000] PM: Registered nosave memory: [mem 0xfec00000-0xfec00fff]
[    0.000000] PM: Registered nosave memory: [mem 0xfec01000-0xfedfffff]
[    0.000000] PM: Registered nosave memory: [mem 0xfee00000-0xfee00fff]
[    0.000000] PM: Registered nosave memory: [mem 0xfee01000-0xfffbffff]
[    0.000000] PM: Registered nosave memory: [mem 0xfffc0000-0xffffffff]
[    0.000000] e820: [mem 0xe0000000-0xfebfffff] available for PCI devices
[    0.000000] Booting paravirtualized kernel on KVM
[    0.000000] clocksource: refined-jiffies: mask: 0xffffffff max_cycles: 0xffffffff, max_idle_ns: 7645519600211568 ns
[    0.000000] setup_percpu: NR_CPUS:512 nr_cpumask_bits:512 nr_cpu_ids:2 nr_node_ids:1
[    0.000000] PERCPU: Embedded 33 pages/cpu @ffff88011fc00000 s95192 r8192 d31784 u1048576
[    0.000000] Built 1 zonelists in Node order, mobility grouping on.  Total pages: 1032056
[    0.000000] Policy zone: Normal
[    0.000000] Kernel command line: BOOT_IMAGE=/boot/vmlinuz-4.4.0-210-generic root=LABEL=cloudimg-rootfs ro console=tty1 console=ttyS0
[    0.000000] PID hash table entries: 4096 (order: 3, 32768 bytes)
[    0.000000] Memory: 4028304K/4193848K available (8644K kernel code, 1332K rwdata, 4044K rodata, 1492K init, 1164K bss, 165544K reserved, 0K cma-reserved)
[    0.000000] SLUB: HWalign=64, Order=0-3, MinObjects=0, CPUs=2, Nodes=1
[    0.000000] Kernel/User page tables isolation: enabled
[    0.000000] Hierarchical RCU implementation.
[    0.000000] 	Build-time adjustment of leaf fanout to 64.
[    0.000000] 	RCU restricting CPUs from NR_CPUS=512 to nr_cpu_ids=2.
[    0.000000] RCU: Adjusting geometry for rcu_fanout_leaf=64, nr_cpu_ids=2
[    0.000000] NR_IRQS:33024 nr_irqs:440 16
[    0.000000] Console: colour VGA+ 80x25
[    0.000000] console [tty1] enabled
[    0.000000] console [ttyS0] enabled
[    0.000000] tsc: Detected 2904.002 MHz processor
[    0.427889] Calibrating delay loop (skipped) preset value.. 5808.00 BogoMIPS (lpj=11616008)
[    0.430082] pid_max: default: 32768 minimum: 301
[    0.431573] ACPI: Core revision 20150930
[    0.435604] ACPI: 2 ACPI AML tables successfully acquired and loaded
[    0.437606] Security Framework initialized
[    0.438636] Yama: becoming mindful.
[    0.440075] AppArmor: AppArmor initialized
[    0.444738] Dentry cache hash table entries: 524288 (order: 10, 4194304 bytes)
[    0.454174] Inode-cache hash table entries: 262144 (order: 9, 2097152 bytes)
[    0.456643] Mount-cache hash table entries: 8192 (order: 4, 65536 bytes)
[    0.458689] Mountpoint-cache hash table entries: 8192 (order: 4, 65536 bytes)
[    0.464160] Initializing cgroup subsys io
[    0.465731] Initializing cgroup subsys memory
[    0.467065] Initializing cgroup subsys devices
[    0.468557] Initializing cgroup subsys freezer
[    0.470066] Initializing cgroup subsys net_cls
[    0.471475] Initializing cgroup subsys perf_event
[    0.473178] Initializing cgroup subsys net_prio
[    0.474863] Initializing cgroup subsys hugetlb
[    0.476308] Initializing cgroup subsys pids
[    0.478964] mce: CPU supports 0 MCE banks
[    0.480376] Last level iTLB entries: 4KB 64, 2MB 8, 4MB 8
[    0.482268] Last level dTLB entries: 4KB 64, 2MB 0, 4MB 0, 1GB 4
[    0.484303] Spectre V1 : Mitigation: usercopy/swapgs barriers and __user pointer sanitization
[    0.486691] Spectre V2 : Mitigation: Full generic retpoline
[    0.488618] Spectre V2 : Spectre v2 / SpectreRSB mitigation: Filling RSB on context switch
[    0.491493] Speculative Store Bypass: Vulnerable
[    0.492629] SRBDS: Unknown: Dependent on hypervisor status
[    0.494150] MDS: Mitigation: Clear CPU buffers
[    0.499848] Freeing SMP alternatives memory: 36K
[    0.510845] ftrace: allocating 32380 entries in 127 pages
[    0.599445] smpboot: APIC(0) Converting physical 0 to logical package 0
[    0.601950] smpboot: Max logical packages: 1
[    0.604267] x2apic enabled
[    0.605819] Switched APIC routing to physical x2apic.
[    0.609120] ..TIMER: vector=0x30 apic1=0 pin1=2 apic2=-1 pin2=-1
[    0.719018] smpboot: CPU0: Intel(R) Core(TM) i7-7500U CPU @ 2.70GHz (family: 0x6, model: 0x8e, stepping: 0x9)
[    0.722904] Performance Events: unsupported p6 CPU model 142 no PMU driver, software events only.
[    0.738559] KVM setup paravirtual spinlock
[    0.740613] x86: Booting SMP configuration:
[    0.741649] .... node  #0, CPUs:      #1
[    0.742675] kvm-clock: cpu 1, msr 1:1ffef041, secondary cpu clock
[    0.745363] mce: CPU supports 0 MCE banks
[    0.748611] x86: Booted up 1 node, 2 CPUs
[    0.750151] smpboot: Total of 2 processors activated (11616.00 BogoMIPS)
[    0.751983] devtmpfs: initialized
[    0.754726] evm: security.selinux
[    0.756252] evm: security.SMACK64
[    0.757331] evm: security.SMACK64EXEC
[    0.758554] evm: security.SMACK64TRANSMUTE
[    0.759948] evm: security.SMACK64MMAP
[    0.761237] evm: security.ima
[    0.762336] evm: security.capability
[    0.765567] clocksource: jiffies: mask: 0xffffffff max_cycles: 0xffffffff, max_idle_ns: 7645041785100000 ns
[    0.768735] futex hash table entries: 512 (order: 3, 32768 bytes)
[    0.770501] pinctrl core: initialized pinctrl subsystem
[    0.772292] RTC time: 10:07:54, date: 09/16/22
[    0.773993] NET: Registered protocol family 16
[    0.788963] cpuidle: using governor ladder
[    0.801644] cpuidle: using governor menu
[    0.803334] PCCT header not found.
[    0.804919] ACPI: bus type PCI registered
[    0.805924] acpiphp: ACPI Hot Plug PCI Controller Driver version: 0.5
[    0.807455] PCI: Using configuration type 1 for base access
[    0.826414] ACPI: Added _OSI(Module Device)
[    0.827512] ACPI: Added _OSI(Processor Device)
[    0.828574] ACPI: Added _OSI(3.0 _SCP Extensions)
[    0.829805] ACPI: Added _OSI(Processor Aggregator Device)
[    0.832541] ACPI: Executed 1 blocks of module-level executable AML code
[    0.836363] ACPI: Interpreter enabled
[    0.837338] ACPI: (supports S0 S5)
[    0.838259] ACPI: Using IOAPIC for interrupt routing
[    0.839671] PCI: Using host bridge windows from ACPI; if necessary, use "pci=nocrs" and report a bug
[    0.845800] ACPI: PCI Root Bridge [PCI0] (domain 0000 [bus 00-ff])
[    0.847785] acpi PNP0A03:00: _OSC: OS supports [ASPM ClockPM Segments MSI]
[    0.850356] acpi PNP0A03:00: _OSC: not requesting OS control; OS requires [ExtendedConfig ASPM ClockPM MSI]
[    0.852749] acpi PNP0A03:00: fail to add MMCONFIG information, can't access extended PCI configuration space under this bridge.
[    0.870411] PCI host bridge to bus 0000:00
[    0.871454] pci_bus 0000:00: root bus resource [io  0x0000-0x0cf7 window]
[    0.872940] pci_bus 0000:00: root bus resource [io  0x0d00-0xffff window]
[    0.874418] pci_bus 0000:00: root bus resource [mem 0x000a0000-0x000bffff window]
[    0.876300] pci_bus 0000:00: root bus resource [mem 0xe0000000-0xfdffffff window]
[    0.878185] pci_bus 0000:00: root bus resource [bus 00-ff]
[    0.882472] pci 0000:00:01.1: legacy IDE quirk: reg 0x10: [io  0x01f0-0x01f7]
[    0.884039] pci 0000:00:01.1: legacy IDE quirk: reg 0x14: [io  0x03f6]
[    0.885454] pci 0000:00:01.1: legacy IDE quirk: reg 0x18: [io  0x0170-0x0177]
[    0.887026] pci 0000:00:01.1: legacy IDE quirk: reg 0x1c: [io  0x0376]
[    0.956817] pci 0000:00:07.0: quirk: [io  0x4000-0x403f] claimed by PIIX4 ACPI
[    0.958643] pci 0000:00:07.0: quirk: [io  0x4100-0x410f] claimed by PIIX4 SMB
[    1.002796] ACPI: PCI Interrupt Link [LNKA] (IRQs 5 9 10 *11)
[    1.004778] ACPI: PCI Interrupt Link [LNKB] (IRQs 5 9 *10 11)
[    1.006535] ACPI: PCI Interrupt Link [LNKC] (IRQs 5 *9 10 11)
[    1.008327] ACPI: PCI Interrupt Link [LNKD] (IRQs 5 9 10 *11)
[    1.010156] ACPI: Enabled 2 GPEs in block 00 to 07
[    1.011695] vgaarb: setting as boot device: PCI:0000:00:02.0
[    1.012963] vgaarb: device added: PCI:0000:00:02.0,decodes=io+mem,owns=io+mem,locks=none
[    1.015090] vgaarb: loaded
[    1.015905] vgaarb: bridge control possible 0000:00:02.0
[    1.017381] SCSI subsystem initialized
[    1.018861] ACPI: bus type USB registered
[    1.020218] usbcore: registered new interface driver usbfs
[    1.021503] usbcore: registered new interface driver hub
[    1.022777] usbcore: registered new device driver usb
[    1.024288] PCI: Using ACPI for IRQ routing
[    1.025836] NetLabel: Initializing
[    1.026867] NetLabel:  domain hash size = 128
[    1.028048] NetLabel:  protocols = UNLABELED CIPSOv4
[    1.029407] NetLabel:  unlabeled traffic allowed by default
[    1.031010] amd_nb: Cannot enumerate AMD northbridges
[    1.035014] clocksource: Switched to clocksource kvm-clock
[    1.047668] AppArmor: AppArmor Filesystem Enabled
[    1.048930] pnp: PnP ACPI init
[    1.050943] pnp: PnP ACPI: found 3 devices
[    1.061011] clocksource: acpi_pm: mask: 0xffffff max_cycles: 0xffffff, max_idle_ns: 2085701024 ns
[    1.063992] NET: Registered protocol family 2
[    1.065274] TCP established hash table entries: 32768 (order: 6, 262144 bytes)
[    1.067119] TCP bind hash table entries: 32768 (order: 7, 524288 bytes)
[    1.071291] TCP: Hash tables configured (established 32768 bind 32768)
[    1.072769] UDP hash table entries: 2048 (order: 4, 65536 bytes)
[    1.074097] UDP-Lite hash table entries: 2048 (order: 4, 65536 bytes)
[    1.075528] NET: Registered protocol family 1
[    1.076618] pci 0000:00:00.0: Limiting direct PCI/PCI transfers
[    1.078295] pci 0000:00:01.0: Activating ISA DMA hang workarounds
[    1.079993] Unpacking initramfs...
[    1.314956] Freeing initrd memory: 14888K
[    1.316224] PCI-DMA: Using software bounce buffering for IO (SWIOTLB)
[    1.317895] software IO TLB: mapped [mem 0xdbff0000-0xdfff0000] (64MB)
[    1.319566] clocksource: tsc: mask: 0xffffffffffffffff max_cycles: 0x29dc079b5d9, max_idle_ns: 440795223751 ns
[    1.322074] platform rtc_cmos: registered platform RTC device (no PNP device found)
[    1.324084] Scanning for low memory corruption every 60 seconds
[    1.325976] audit: initializing netlink subsys (disabled)
[    1.327384] audit: type=2000 audit(1663322881.710:1): initialized
[    1.329081] Initialise system trusted keyring
[    1.330803] HugeTLB registered 2 MB page size, pre-allocated 0 pages
[    1.333684] zbud: loaded
[    1.334907] VFS: Disk quotas dquot_6.6.0
[    1.336055] VFS: Dquot-cache hash table entries: 512 (order 0, 4096 bytes)
[    1.337912] squashfs: version 4.0 (2009/01/31) Phillip Lougher
[    1.339652] fuse init (API version 7.23)
[    1.340855] Key type big_key registered
[    1.341936] Allocating IMA MOK and blacklist keyrings.
[    1.344990] Key type asymmetric registered
[    1.346021] Asymmetric key parser 'x509' registered
[    1.347416] Block layer SCSI generic (bsg) driver version 0.4 loaded (major 249)
[    1.352323] io scheduler noop registered
[    1.353355] io scheduler deadline registered (default)
[    1.354723] io scheduler cfq registered
[    1.355944] pci_hotplug: PCI Hot Plug PCI Core version: 0.5
[    1.357354] pciehp: PCI Express Hot Plug Controller Driver version: 0.4
[    1.359547] ACPI: AC Adapter [AC] (on-line)
[    1.360706] input: Power Button as /devices/LNXSYSTM:00/LNXPWRBN:00/input/input0
[    1.362672] ACPI: Power Button [PWRF]
[    1.364000] input: Sleep Button as /devices/LNXSYSTM:00/LNXSLPBN:00/input/input1
[    1.366268] ACPI: Sleep Button [SLPF]
[    1.367591] GHES: HEST is not enabled!
[    1.369312] ACPI: Battery Slot [BAT0] (battery present)
[    1.370665] Serial: 8250/16550 driver, 32 ports, IRQ sharing enabled
[    1.392823] 00:02: ttyS0 at I/O 0x3f8 (irq = 4, base_baud = 115200) is a 16550A
[    1.395708] Linux agpgart interface v0.103
[    1.398719] loop: module loaded
[    1.400320] scsi host0: ata_piix
[    1.401368] scsi host1: ata_piix
[    1.402283] ata1: PATA max UDMA/33 cmd 0x1f0 ctl 0x3f6 bmdma 0xd000 irq 14
[    1.403904] ata2: PATA max UDMA/33 cmd 0x170 ctl 0x376 bmdma 0xd008 irq 15
[    1.405573] libphy: Fixed MDIO Bus: probed
[    1.406604] tun: Universal TUN/TAP device driver, 1.6
[    1.407936] tun: (C) 1999-2004 Max Krasnyansky <maxk@qualcomm.com>
[    1.409448] PPP generic driver version 2.4.2
[    1.410618] ehci_hcd: USB 2.0 'Enhanced' Host Controller (EHCI) Driver
[    1.412170] ehci-pci: EHCI PCI platform driver
[    1.413604] ehci-platform: EHCI generic platform driver
[    1.414890] ohci_hcd: USB 1.1 'Open' Host Controller (OHCI) Driver
[    1.416345] ohci-pci: OHCI PCI platform driver
[    1.417428] ohci-platform: OHCI generic platform driver
[    1.418631] uhci_hcd: USB Universal Host Controller Interface driver
[    1.420160] i8042: PNP: PS/2 Controller [PNP0303:PS2K,PNP0f03:PS2M] at 0x60,0x64 irq 1,12
[    1.422686] serio: i8042 KBD port at 0x60,0x64 irq 1
[    1.423918] serio: i8042 AUX port at 0x60,0x64 irq 12
[    1.425214] mousedev: PS/2 mouse device common for all mice
[    1.427037] input: AT Translated Set 2 keyboard as /devices/platform/i8042/serio0/input/input2
[    1.429223] rtc_cmos rtc_cmos: rtc core: registered rtc_cmos as rtc0
[    1.431373] rtc_cmos rtc_cmos: alarms up to one day, 114 bytes nvram
[    1.432781] i2c /dev entries driver
[    1.433783] device-mapper: uevent: version 1.0.3
[    1.434956] device-mapper: ioctl: 4.34.0-ioctl (2015-10-28) initialised: dm-devel@redhat.com
[    1.437054] ledtrig-cpu: registered to indicate activity on CPUs
[    1.438706] NET: Registered protocol family 10
[    1.439990] NET: Registered protocol family 17
[    1.441082] Key type dns_resolver registered
[    1.442322] registered taskstats version 1
[    1.443349] Loading compiled-in X.509 certificates
[    1.445021] Loaded X.509 cert 'Build time autogenerated kernel key: cf00e047681d67edb2720680708b7d9498083038'
[    1.447461] zswap: loaded using pool lzo/zbud
[    1.450017] Key type trusted registered
[    1.453722] Key type encrypted registered
[    1.454731] AppArmor: AppArmor sha1 policy hashing enabled
[    1.456046] ima: No TPM chip found, activating TPM-bypass!
[    1.457293] ima: Allocated hash algorithm: sha1
[    1.458374] evm: HMAC attrs: 0x1
[    1.459609]   Magic number: 6:345:123
[    1.460572] acpi LNXSYBUS:01: hash matches
[    1.461637] rtc_cmos rtc_cmos: setting system clock to 2022-09-16 10:07:54 UTC (1663322874)
[    1.463893] BIOS EDD facility v0.16 2004-Jun-25, 0 devices found
[    1.465220] EDD information not available.
[    1.713852] Freeing unused kernel memory: 1492K
[    1.715566] Write protecting the kernel read-only data: 14336k
[    1.718125] Freeing unused kernel memory: 1584K
[    1.719877] Freeing unused kernel memory: 52K
Loading, please wait...
starting version 229
[    1.736295] random: systemd-udevd: uninitialized urandom read (16 bytes read, 3 bits of entropy available)
[    1.737034] random: udevadm: uninitialized urandom read (16 bytes read, 3 bits of entropy available)
[    1.737059] random: udevadm: uninitialized urandom read (16 bytes read, 3 bits of entropy available)
[    1.745292] random: systemd-udevd: uninitialized urandom read (16 bytes read, 3 bits of entropy available)
[    1.747565] random: systemd-udevd: uninitialized urandom read (16 bytes read, 3 bits of entropy available)
[    1.748585] random: udevadm: uninitialized urandom read (16 bytes read, 3 bits of entropy available)
[    1.748670] random: udevadm: uninitialized urandom read (16 bytes read, 3 bits of entropy available)
[    1.748897] random: udevadm: uninitialized urandom read (16 bytes read, 3 bits of entropy available)
[    1.748950] random: udevadm: uninitialized urandom read (16 bytes read, 3 bits of entropy available)
[    1.749000] random: udevadm: uninitialized urandom read (16 bytes read, 3 bits of entropy available)
[    1.800910] Fusion MPT base driver 3.04.20
[    1.803317] Copyright (c) 1999-2008 LSI Corporation
[    1.805832] e1000: Intel(R) PRO/1000 Network Driver - version 7.3.21-k8-NAPI
[    1.807475] e1000: Copyright (c) 1999-2006 Intel Corporation.
[    1.828205] AVX2 version of gcm_enc/dec engaged.
[    1.829374] AES CTR mode by8 optimization enabled
[    1.831645] Fusion MPT SPI Host driver 3.04.20
[    2.011313] input: ImExPS/2 Generic Explorer Mouse as /devices/platform/i8042/serio1/input/input4
[    2.197983] e1000 0000:00:03.0 eth0: (PCI:33MHz:32-bit) 02:be:82:6b:cc:1d
[    2.199974] e1000 0000:00:03.0 eth0: Intel(R) PRO/1000 Network Connection
[    2.202718] mptbase: ioc0: Initiating bringup
[    2.791710] ioc0: LSI53C1030 A0: Capabilities={Initiator}
[    4.784697] scsi host2: ioc0: LSI53C1030 A0, FwRev=00000000h, Ports=1, MaxQ=256, IRQ=20
[    6.321183] scsi 2:0:0:0: Direct-Access     VBOX     HARDDISK         1.0  PQ: 0 ANSI: 5
[    6.324676] scsi target2:0:0: Beginning Domain Validation
[    6.329066] scsi target2:0:0: Domain Validation skipping write tests
[    6.331896] scsi target2:0:0: Ending Domain Validation
[    6.334473] scsi target2:0:0: asynchronous
[    6.337290] scsi 2:0:1:0: Direct-Access     VBOX     HARDDISK         1.0  PQ: 0 ANSI: 5
[    6.339900] scsi target2:0:1: Beginning Domain Validation
[    6.344442] scsi target2:0:1: Domain Validation skipping write tests
[    6.346706] scsi target2:0:1: Ending Domain Validation
[    6.350201] scsi target2:0:1: asynchronous
[    6.372503] sd 2:0:0:0: Attached scsi generic sg0 type 0
[    6.374573] sd 2:0:0:0: [sda] 83886080 512-byte logical blocks: (42.9 GB/40.0 GiB)
[    6.377877] sd 2:0:1:0: [sdb] 20480 512-byte logical blocks: (10.5 MB/10.0 MiB)
[    6.381789] sd 2:0:1:0: Attached scsi generic sg1 type 0
[    6.383874] sd 2:0:0:0: [sda] Write Protect is off
[    6.385797] sd 2:0:1:0: [sdb] Write Protect is off
[    6.387813] sd 2:0:0:0: [sda] Incomplete mode parameter data
[    6.389836] sd 2:0:0:0: [sda] Assuming drive cache: write through
[    6.392063] sd 2:0:1:0: [sdb] Incomplete mode parameter data
[    6.394033] sd 2:0:1:0: [sdb] Assuming drive cache: write through
[    6.450224]  sda: sda1
[    6.452020] sd 2:0:0:0: [sda] Attached SCSI disk
[    6.462915] sd 2:0:1:0: [sdb] Attached SCSI disk
[    6.720754] e1000 0000:00:08.0 eth1: (PCI:33MHz:32-bit) 08:00:27:00:ef:31
[    6.722434] e1000 0000:00:08.0 eth1: Intel(R) PRO/1000 Network Connection
[    6.725099] e1000 0000:00:03.0 enp0s3: renamed from eth0
[    6.735910] e1000 0000:00:08.0 enp0s8: renamed from eth1
Begin: Loading essential drivers ... [    8.234782] md: linear personality registered for level -1
[    8.238436] md: multipath personality registered for level -4
[    8.242086] md: raid0 personality registered for level 0
[    8.246665] md: raid1 personality registered for level 1
[    8.319113] raid6: sse2x1   gen() 11981 MB/s
[    8.387110] raid6: sse2x1   xor()  8763 MB/s
[    8.455070] raid6: sse2x2   gen() 14407 MB/s
[    8.523087] raid6: sse2x2   xor()  8066 MB/s
[    8.591111] raid6: sse2x4   gen() 15984 MB/s
[    8.659097] raid6: sse2x4   xor() 11756 MB/s
[    8.727107] raid6: avx2x1   gen() 23946 MB/s
[    8.795114] raid6: avx2x2   gen() 26840 MB/s
[    8.863141] raid6: avx2x4   gen() 27394 MB/s
[    8.866678] raid6: using algorithm avx2x4 gen() 27394 MB/s
[    8.869601] raid6: using avx2x2 recovery algorithm
[    8.873319] xor: automatically using best checksumming function:
[    8.915769]    avx       : 21371.000 MB/sec
[    8.919471] async_tx: api initialized (async)
[    8.928942] md: raid6 personality registered for level 6
[    8.932088] md: raid5 personality registered for level 5
[    8.934108] md: raid4 personality registered for level 4
[    8.943933] md: raid10 personality registered for level 10
done.
Begin: Running /scripts/init-premount ... done.
Begin: Mounting root file system ... Begin: Running /scripts/local-top ... done.
Begin: Running /scripts/local-premount ... [    8.982418] Btrfs loaded
Scanning for Btrfs filesystems
done.
Warning: fsck not present, so skipping root file system
[    9.095679] EXT4-fs (sda1): mounted filesystem with ordered data mode. Opts: (null)
done.
Begin: Running /scripts/local-bottom ... done.
Begin: Running /scripts/init-bottom ... done.
[   10.008604] random: nonblocking pool is initialized
[   10.259743] systemd[1]: systemd 229 running in system mode. (+PAM +AUDIT +SELINUX +IMA +APPARMOR +SMACK +SYSVINIT +UTMP +LIBCRYPTSETUP +GCRYPT +GNUTLS +ACL +XZ -LZ4 +SECCOMP +BLKID +ELFUTILS +KMOD -IDN)
[   10.278044] systemd[1]: Detected virtualization oracle.
[   10.282079] systemd[1]: Detected architecture x86-64.

Welcome to [1mUbuntu 16.04.7 LTS[0m!

[   10.326207] systemd[1]: Set hostname to <ubuntu>.
[   10.351142] systemd[1]: Initializing machine ID from random generator.
[   10.353125] systemd[1]: Installed transient /etc/machine-id file.
[   11.586057] systemd[1]: Listening on LVM2 metadata daemon socket.
[[0;32m  OK  [0m] Listening on LVM2 metadata daemon socket.
[   11.594776] systemd[1]: Listening on Syslog Socket.
[[0;32m  OK  [0m] Listening on Syslog Socket.
[   11.600374] systemd[1]: Started Trigger resolvconf update for networkd DNS.
[[0;32m  OK  [0m] Started Trigger resolvconf update for networkd DNS.
[   11.604011] systemd[1]: Listening on Journal Socket (/dev/log).
[[0;32m  OK  [0m] Listening on Journal Socket (/dev/log).
[   11.606643] systemd[1]: Started Forward Password Requests to Wall Directory Watch.
[[0;32m  OK  [0m] Started Forward Password Requests to Wall Directory Watch.
[   11.609799] systemd[1]: Reached target User and Group Name Lookups.
[[0;32m  OK  [0m] Reached target User and Group Name Lookups.
[   11.612102] systemd[1]: Listening on Device-mapper event daemon FIFOs.
[[0;32m  OK  [0m] Listening on Device-mapper event daemon FIFOs.
[   11.614407] systemd[1]: Listening on Journal Audit Socket.
[[0;32m  OK  [0m] Listening on Journal Audit Socket.
[   11.616486] systemd[1]: Listening on Journal Socket.
[[0;32m  OK  [0m] Listening on Journal Socket.
[   11.623287] systemd[1]: Listening on LVM2 poll daemon socket.
[[0;32m  OK  [0m] Listening on LVM2 poll daemon socket.
[   11.626405] systemd[1]: Created slice User and Session Slice.
[[0;32m  OK  [0m] Created slice User and Session Slice.
[   11.629271] systemd[1]: Listening on fsck to fsckd communication Socket.
[[0;32m  OK  [0m] Listening on fsck to fsckd communication Socket.
[   11.632152] systemd[1]: Reached target Swap.
[[0;32m  OK  [0m] Reached target Swap.
[   11.634204] systemd[1]: Listening on udev Control Socket.
[[0;32m  OK  [0m] Listening on udev Control Socket.
[   11.688936] systemd[1]: Set up automount Arbitrary Executable File Formats File System Automount Point.
[[0;32m  OK  [0m] Set up automount Arbitrary Executab...ats File System Automount Point.
[   11.693320] systemd[1]: Listening on udev Kernel Socket.
[[0;32m  OK  [0m] Listening on udev Kernel Socket.
[   11.695965] systemd[1]: Listening on /dev/initctl Compatibility Named Pipe.
[[0;32m  OK  [0m] Listening on /dev/initctl Compatibility Named Pipe.
[   11.699487] systemd[1]: Created slice System Slice.
[[0;32m  OK  [0m] Created slice System Slice.
[   11.702221] systemd[1]: Created slice system-serial\x2dgetty.slice.
[[0;32m  OK  [0m] Created slice system-serial\x2dgetty.slice.
[   11.719211] systemd[1]: Starting File System Check on Root Device...
         Starting File System Check on Root Device...
[   11.723033] systemd[1]: Starting Journal Service...
         Starting Journal Service...
[   11.731979] systemd[1]: Mounting POSIX Message Queue File System...
         Mounting POSIX Message Queue File System...
[   11.735732] systemd[1]: Starting Uncomplicated firewall...
         Starting Uncomplicated firewall...
[   11.739297] systemd[1]: Starting Set console keymap...
         Starting Set console keymap...
[   11.742782] systemd[1]: Starting Create list of required static device nodes for the current kernel...
         Starting Create list of required st... nodes for the current kernel...
[   11.752219] systemd[1]: Mounting Huge Pages File System...
         Mounting Huge Pages File System...
[   11.755188] systemd[1]: Reached target Slices.
[[0;32m  OK  [0m] Reached target Slices.
[   11.758331] systemd[1]: Starting Nameserver information manager...
         Starting Nameserver information manager...
[   11.808039] systemd[1]: Starting Load Kernel Modules...
         Starting Load Kernel Modules...
[   11.813082] systemd[1]: Mounting Debug File System...
         Mounting Debug File System...
[   11.818181] systemd[1]: Starting Monitoring of LVM2 mirrors, snapshots etc. using dmeventd or progress polling...
         Starting Monitoring of LVM2 mirrors... dmeventd or progress polling...
[   11.851427] systemd[1]: Reached target Encrypted Volumes.
[[0;32m  OK  [0m] Reached target Encrypted Volumes.
[   11.853503] systemd[1]: Reached target System Time Synchronized.
[[0;32m  OK  [0m] Reached target System Time Synchronized.
[   11.872933] systemd[1]: Mounted Huge Pages File System.
[[0;32m  OK  [0m] Mounted Huge Pages File System.
[   11.875654] systemd[1]: Mounted POSIX Message Queue File System.
[[0;32m  OK  [0m] Mounted POSIX Message Queue File System.
[   11.879398] systemd[1]: Mounted Debug File System.
[[0;32m  OK  [0m] Mounted Debug File System.
[   11.882345] systemd[1]: Started Uncomplicated firewall.
[[0;32m  OK  [0m] Started Uncomplicated firewall.
[   11.885509] systemd[1]: Started Create list of required static device nodes for the current kernel.
[[0;32m  OK  [0m] Started Create list of required sta...ce nodes for the current kernel.
[   11.909600] systemd[1]: Started File System Check Daemon to report status.
[[0;32m  OK  [0m] Started File System Check Daemon to report status.
[   11.914806] systemd[1]: Starting Create Static Device Nodes in /dev...
         Starting Create Static Device Nodes in /dev...
[   11.999814] systemd[1]: Started Set console keymap.
[[0;32m  OK  [0m] Started Set console keymap.
[   12.019335] systemd[1]: Started Nameserver information manager.
[[0;32m  OK  [0m] Started Nameserver information manager.
[   12.080265] Loading iSCSI transport class v2.0-870.
[   12.153781] iscsi: registered transport (tcp)
[   12.337131] systemd[1]: Started File System Check on Root Device.
[[0;32m  OK  [0m] Started File System Check on Root Device.
[   12.351511] systemd[1]: Starting Remount Root and Kernel File Systems...
         Starting Remount Root and Kernel File Systems...
[   12.419750] systemd[1]: Started LVM2 metadata daemon.
[[0;32m  OK  [0m] Started LVM2 metadata daemon.
[   12.447152] EXT4-fs (sda1): re-mounted. Opts: (null)
[   12.454197] systemd[1]: Started Remount Root and Kernel File Systems.
[[0;32m  OK  [0m] Started Remount Root and Kernel File Systems.
[   12.471691] systemd[1]: Starting Load/Save Random Seed...
         Starting Load/Save Random Seed...
[   12.481539] iscsi: registered transport (iser)
[   12.575349] systemd[1]: Starting udev Coldplug all Devices...
         Starting udev Coldplug all Devices...
[   12.583903] systemd[1]: Started Journal Service.
[[0;32m  OK  [0m] Started Journal Service.
[[0;32m  OK  [0m] Started Load Kernel Modules.
         Starting Apply Kernel Variables...
         Mounting FUSE Control File System...
         Starting Flush Journal to Persistent Storage...
[[0;32m  OK  [0m] Mounted FUSE Control File System.
[[0;32m  OK  [0m] Started Load/Save Random Seed.
[   12.679919] systemd-journald[370]: Received request to flush runtime journal from PID 1
[[0;32m  OK  [0m] Started udev Coldplug all Devices.
[[0;32m  OK  [0m] Started Flush Journal to Persistent Storage.
[[0;32m  OK  [0m] Started Apply Kernel Variables.
[[0;32m  OK  [0m] Started Create Static Device Nodes in /dev.
         Starting udev Kernel Device Manager...
[[0;32m  OK  [0m] Started Monitoring of LVM2 mirrors,...ng dmeventd or progress polling.
[[0;32m  OK  [0m] Reached target Local File Systems (Pre).
[[0;32m  OK  [0m] Reached target Local File Systems.
         Starting LSB: AppArmor initialization...
         Starting Create Volatile Files and Directories...
         Starting Tell Plymouth To Write Out Runtime Data...
         Starting Set console font and keymap...
         Starting Initial cloud-init job (pre-networking)...
         Starting Commit a transient machine-id on disk...
[[0;32m  OK  [0m] Started Commit a transient machine-id on disk.
[[0;32m  OK  [0m] Started Create Volatile Files and Directories.
         Starting Update UTMP about System Boot/Shutdown...
[[0;32m  OK  [0m] Started Tell Plymouth To Write Out Runtime Data.
[[0;32m  OK  [0m] Started Update UTMP about System Boot/Shutdown.
[[0;32m  OK  [0m] Started Set console font and keymap.
[[0;32m  OK  [0m] Created slice system-getty.slice.
[[0;32m  OK  [0m] Started udev Kernel Device Manager.
[[0;32m  OK  [0m] Started Dispatch Password Requests to Console Directory Watch.
[[0;32m  OK  [0m] Found device /dev/ttyS0.
[[0;32m  OK  [0m] Listening on Load/Save RF Kill Switch Status /dev/rfkill Watch.
[[0;32m  OK  [0m] Started LSB: AppArmor initialization.
         Starting Load AppArmor profiles managed internally by snapd...
[[0;32m  OK  [0m] Started Load AppArmor profiles managed internally by snapd.
[   19.499889] cloud-init[491]: Cloud-init v. 21.1-19-gbad84ad4-0ubuntu1~16.04.2 running 'init-local' at Fri, 16 Sep 2022 10:08:12 +0000. Up 18.80 seconds.
[[0;32m  OK  [0m] Started Initial cloud-init job (pre-networking).
[[0;32m  OK  [0m] Reached target Network (Pre).
         Starting Raise network interfaces...
[[0;32m  OK  [0m] Started Raise network interfaces.
         Starting Initial cloud-init job (metadata service crawler)...
[[0;32m  OK  [0m] Reached target Network.
[   22.769188] cloud-init[971]: Cloud-init v. 21.1-19-gbad84ad4-0ubuntu1~16.04.2 running 'init' at Fri, 16 Sep 2022 10:08:13 +0000. Up 20.26 seconds.
[   22.770922] cloud-init[971]: ci-info: ++++++++++++++++++++++++++++++++++++++Net device info+++++++++++++++++++++++++++++++++++++++
[   22.772692] cloud-init[971]: ci-info: +--------+-------+----------------------------+---------------+--------+-------------------+
[   22.774375] cloud-init[971]: ci-info: | Device |   Up  |          Address           |      Mask     | Scope  |     Hw-Address    |
[   22.776171] cloud-init[971]: ci-info: +--------+-------+----------------------------+---------------+--------+-------------------+
[   22.777776] cloud-init[971]: ci-info: | enp0s3 |  True |         10.0.2.15          | 255.255.255.0 | global | 02:be:82:6b:cc:1d |
[   22.779466] cloud-init[971]: ci-info: | enp0s3 |  True | fe80::be:82ff:fe6b:cc1d/64 |       .       |  link  | 02:be:82:6b:cc:1d |
[   22.781229] cloud-init[971]: ci-info: | enp0s8 | False |             .              |       .       |   .    | 08:00:27:00:ef:31 |
[   22.782921] cloud-init[971]: ci-info: |   lo   |  True |         127.0.0.1          |   255.0.0.0   |  host  |         .         |
[   22.784571] cloud-init[971]: ci-info: |   lo   |  True |          ::1/128           |       .       |  host  |         .         |
[   22.786238] cloud-init[971]: ci-info: +--------+-------+----------------------------+---------------+--------+-------------------+
[   22.787949] cloud-init[971]: ci-info: +++++++++++++++++++++++++++Route IPv4 info++++++++++++++++++++++++++++
[   22.789409] cloud-init[971]: ci-info: +-------+-------------+----------+---------------+-----------+-------+
[   22.790939] cloud-init[971]: ci-info: | Route | Destination | Gateway  |    Genmask    | Interface | Flags |
[   22.792445] cloud-init[971]: ci-info: +-------+-------------+----------+---------------+-----------+-------+
[   22.793947] cloud-init[971]: ci-info: |   0   |   0.0.0.0   | 10.0.2.2 |    0.0.0.0    |   enp0s3  |   UG  |
[   22.795467] cloud-init[971]: ci-info: |   1   |   10.0.2.0  | 0.0.0.0  | 255.255.255.0 |   enp0s3  |   U   |
[   22.797039] cloud-init[971]: ci-info: +-------+-------------+----------+---------------+-----------+-------+
[   22.798509] cloud-init[971]: ci-info: +++++++++++++++++++Route IPv6 info+++++++++++++++++++
[   22.799795] cloud-init[971]: ci-info: +-------+-------------+---------+-----------+-------+
[   22.801145] cloud-init[971]: ci-info: | Route | Destination | Gateway | Interface | Flags |
[   22.802469] cloud-init[971]: ci-info: +-------+-------------+---------+-----------+-------+
[   22.803772] cloud-init[971]: ci-info: |   0   |  fe80::/64  |    ::   |   enp0s3  |   U   |
[   22.805148] cloud-init[971]: ci-info: |   3   |   ff00::/8  |    ::   |   enp0s3  |   U   |
[   22.806494] cloud-init[971]: ci-info: +-------+-------------+---------+-----------+-------+
[   22.807828] cloud-init[971]: Generating public/private rsa key pair.
[   22.809053] cloud-init[971]: Your identification has been saved in /etc/ssh/ssh_host_rsa_key.
[   22.810432] cloud-init[971]: Your public key has been saved in /etc/ssh/ssh_host_rsa_key.pub.
[   22.811820] cloud-init[971]: The key fingerprint is:
[   22.812904] cloud-init[971]: SHA256:ALhHZSxe2cL23bWrfW3kgl+xncmc4oHDamgqtr5aJe4 root@ubuntu-xenial
[   22.814327] cloud-init[971]: The key's randomart image is:
[   22.815760] cloud-init[971]: +---[RSA 2048]----+
[   22.817366] cloud-init[971]: |   ..+oo         |
[   22.818929] cloud-init[971]: |  . ooB .     .  |
[   22.820464] cloud-init[971]: |   + +.o . . . . |
[   22.822022] [[0;32m  OK  [0m] Started Initial cloud-init job (metadata service crawler).
[[0;32m  OK  [0m] Reached target Cloud-config availability.
[[0;32m  OK  [0m] Reached target Network is Online.
cloud-init[971]: |  . o  .. . . .  |
[   22.825492] cloud-init[971]: |   o .  S      o |
[   22.826513] cloud-init[971]: |  . o     . . + O|
[   22.827518] cloud-init[971]: |   o    .  + * X+|
[   22.828576] cloud-init[971]: |  oo   o .. = =.=|
[   22.829856] cloud-init[971]: | .+E+.o ..   o.+ |
[   22.830924] cloud-init[971]: +----[SHA256]-----+
[   22.831953] cloud-init[971]: Generating public/private dsa key pair.
[   22.833177] cloud-init[971]: Your identification has been saved in /etc/ssh/ssh_host_dsa_key.
[   22.834648] cloud-init[971]: Your public key has been saved in /etc/ssh/ssh_host_dsa_key.pub.
[   22.836078]          Starting iSCSI initiator daemon (iscsid)...
[[0;32m  OK  [0m] Reached target System Initialization.
cloud-init[971]: The key fingerprint is:
[   22.839507] cloud-init[971]: SHA256:IDA8fjYWI9fZ1e2/P67fqvoDlIq/sawRNrWfTVgX0bU root@ubuntu-xenial
[   22.841763] cloud-init[971]: The key's randomart image is:
[   22.843143] cloud-init[971]: +---[DSA 1024]----+
[   22.844461] cloud-init[971]: | .o  . o ... .ooo|
[   22.845568] cloud-init[971]: |  +o+ o .   . ..o|
[   22.846566] cloud-init[971]: | . +.o. .  ....E |
[   22.847566] cloud-init[971]: |  . =. o .oo ..  |
[   22.848609] cloud-init[971]: |   + .+.So. .  . |
[   22.849619] cloud-init[971]: |     ..o...+    .|
[   22.850726] cloud-init[971]: |      ... o..   .|
[   22.851759] cloud-init[971]: |       o.o  .  o.|
[   22.852809] cloud-init[971]: |      ..+..oo+=+=|
[   22.853813] cloud-init[971]: +----[SHA256]-----+
[   22.854812] cloud-init[971]: Generating public/private ecdsa key pair.
[   22.856066] cloud-init[971]: Your identification has been saved in /etc/ssh/ssh_host_ecdsa_key.
[   22.857502] cloud-init[971]: Your public key has been saved in /etc/ssh/ssh_host_ecdsa_key.pub.[[0;32m  OK  [0m] Started ACPI Events Check.
[[0;32m  OK  [0m] Reached target Paths.
         Starting Socket activation for snappy daemon.
[[0;32m  OK  [0m] Listening on UUID daemon activation socket.

[   22.868924]          Starting LXD - unix socket.
[[0;32m  OK  [0m] Listening on ACPID Listen Socket.
[[0;32m  OK  [0m] Started Ubuntu Advantage update messaging.
[[0;32m  OK  [0m] Listening on D-Bus System Message Bus Socket.
[[0;32m  OK  [0m] Started Message of the Day.
[[0;32m  OK  [0m] Started Daily Cleanup of Temporary Directories.
[[0;32m  OK  [0m] Started Daily apt download activities.
[[0;32m  OK  [0m] Started Daily apt upgrade and clean activities.
[[0;32m  OK  [0m] Reached target Timers.
[[0;32m  OK  [0m] Listening on Socket activation for snappy daemon.
[[0;32m  OK  [0m] Listening on LXD - unix socket.
[[0;32m  OK  [0m] Reached target Sockets.
[[0;32m  OK  [0m] Reached target Basic System.
cloud-init[971]: The key fingerprint is:
[   22.877455] cloud-init[971]: SHA256:jvOi5KxpIJvMcB4J81nssSO3kEt0cfkiv3JZm//R5Gs root@ubuntu-xenial
[   22.878926] cloud-init[971]: The key's randomart image is:
[   22.879999] cloud-init[971]: +---[ECDSA 256]---+
[   22.881007] cloud-init[971]: |       .         |
[   22.881991] cloud-init[971]: |    . o          |
[   22.883010] cloud-init[971]: |   . o .         |
[   22.884047] cloud-init[971]: |o . * . .        |
[   22.885065] cloud-init[971]: | = B = .S     .  |
[   22.886108] cloud-init[971]: |+ @ = .o.    +   |
[   22.887083] cloud-init[971]: |=B *.oo+.o  . o  |
[   22.887990] cloud-init[971]: |oo+=o =oo    .E. |
[   22.888960] cloud-init[971]: | .o.++ ........  |
[   22.889939] cloud-init[971]: +----[SHA256]-----+
[   22.890915] cloud-init[971]: Generating public/private ed25519 key pair.
[   22.892118] cloud-init[971]: Your identification has been saved in /etc/ssh/ssh_host_ed25519_key.
[   22.893486] cloud-init[971]: Your public key has been saved in /etc/ssh/ssh_host_ed25519_key.pub.
[   22.894944] cloud-init[971]: The key fingerprint is:
[   22.895971] cloud-init[[0;32m  OK  [0m] Started Deferred execution scheduler.
[971]: SHA256:oe2d+vDgrwBbxVwebcOPZCeQdscNdDVrgiSytMVkYFs root@ubuntu-xenial
         Starting LXD - container startup/shutdown...
[   22.898319] cloud-init[971]: The key's randomart image is:         Starting Virtualbox guest utils...

[   22.901627] cloud-init[971]: +--[ED25519 256]--+
[   22.903069] cloud-init[971]: |       =+E+* oo++|
[   22.904114] cloud-init[971]: |      ooO+=.@ +.+|
[   22.905164] cloud-init[971]: |       +=..* O o |
[   22.906170] cloud-init[971]: |       + .  . +  |
[   22.907016] cloud-init[971]: |    . o S        |
[   22.908023] cloud-init[971]: |     + . . .     |
[   22.909055] cloud-init[971]: |    . . + o      |
[   22.910054] cloud-init[971]: |       o =       |
[   22.911047] cloud-init[971]: |        +++      |
[   22.912056] cloud-init[971]: +----[SHA256]-----+         Starting Pollinate to seed the pseudo random number generator...
         Starting /etc/rc.local Compatibility...
         Starting Login Service...

[[0;32m  OK  [0m] Started D-Bus System Message Bus.
[[0;32m  OK  [0m] Started Regular background program processing daemon.
         Starting Accounts Service...
[[0;32m  OK  [0m] Started ACPI event daemon.
[[0;32m  OK  [0m] Started FUSE filesystem for LXC.
         Starting LSB: Record successful boot for GRUB...
         Starting System Logging Service...
         Starting LSB: MD monitoring daemon...
         Starting Snap Daemon...
[[0;32m  OK  [0m] Started /etc/rc.local Compatibility.
[[0;32m  OK  [0m] Started Login Service.
[[0;32m  OK  [0m] Started Unattended Upgrades Shutdown.
[[0;32m  OK  [0m] Started iSCSI initiator daemon (iscsid).
         Starting Login to default iSCSI targets...
[[0;32m  OK  [0m] Started LSB: MD monitoring daemon.
[[0;32m  OK  [0m] Started LSB: Record successful boot for GRUB.
[[0;32m  OK  [0m] Started Login to default iSCSI targets.
[[0;32m  OK  [0m] Reached target Remote File Systems (Pre).
[[0;32m  OK  [0m] Reached target Remote File Systems.
         Starting LSB: automatic crash report generation...
         Starting Permit User Sessions...
         Starting LSB: daemon to balance interrupts for SMP systems...
         Starting LSB: Set the CPU Frequency Scaling governor to "ondemand"...
[[0;32m  OK  [0m] Started LSB: Set the CPU Frequency Scaling governor to "ondemand".
[[0;32m  OK  [0m] Started Permit User Sessions.
         Starting Terminate Plymouth Boot Screen...
         Starting Hold until boot process finishes up...
[[0;32m  OK  [0m] Started Terminate Plymouth Boot Screen.
[[0;32m  OK  [0m] Started Hold until boot process finishes up.
[[0;32m  OK  [0m] Started Getty on tty1.
         Starting Set console scheme...
[[0;32m  OK  [0m] Started Serial Getty on ttyS0.
[[0;32m  OK  [0m] Reached target Login Prompts.
[[0;32m  OK  [0m] Started System Logging Service.
[[0;32m  OK  [0m] Started Set console scheme.
[[0;32m  OK  [0m] Started LSB: automatic crash report generation.
[[0;32m  OK  [0m] Started LSB: daemon to balance interrupts for SMP systems.
[[0;32m  OK  [0m] Started Virtualbox guest utils.
         Starting Authenticate and Authorize Users to Run Privileged Tasks...
[[0;32m  OK  [0m] Started Authenticate and Authorize Users to Run Privileged Tasks.
[[0;32m  OK  [0m] Started Accounts Service.
[[0;32m  OK  [0m] Started Pollinate to seed the pseudo random number generator.
         Starting OpenBSD Secure Shell server...
[[0;32m  OK  [0m] Started LXD - container startup/shutdown.
[[0;32m  OK  [0m] Started OpenBSD Secure Shell server.
[[0;32m  OK  [0m] Started Snap Daemon.
         Starting Wait until snapd is fully seeded...
[[0;32m  OK  [0m] Created slice User Slice of vagrant.
         Starting User Manager for UID 1000...
[[0;32m  OK  [0m] Started Session 1 of user vagrant.

Ubuntu 16.04.7 LTS ubuntu-xenial ttyS0

ubuntu-xenial login: [   33.240957] cloud-init[1398]: Generating locales (this might take a while)...
[   34.596328] cloud-init[1398]:   en_US.UTF-8... done
[   34.599034] cloud-init[1398]: Generation complete.
[   37.366665] cloud-init[1398]: Cloud-init v. 21.1-19-gbad84ad4-0ubuntu1~16.04.2 running 'modules:config' at Fri, 16 Sep 2022 10:08:26 +0000. Up 32.95 seconds.
ci-info: no authorized SSH keys fingerprints found for user ubuntu.
<14>Sep 16 10:08:31 ec2: 
<14>Sep 16 10:08:31 ec2: #############################################################
<14>Sep 16 10:08:31 ec2: -----BEGIN SSH HOST KEY FINGERPRINTS-----
<14>Sep 16 10:08:31 ec2: 1024 SHA256:IDA8fjYWI9fZ1e2/P67fqvoDlIq/sawRNrWfTVgX0bU root@ubuntu-xenial (DSA)
<14>Sep 16 10:08:31 ec2: 256 SHA256:jvOi5KxpIJvMcB4J81nssSO3kEt0cfkiv3JZm//R5Gs root@ubuntu-xenial (ECDSA)
<14>Sep 16 10:08:31 ec2: 256 SHA256:oe2d+vDgrwBbxVwebcOPZCeQdscNdDVrgiSytMVkYFs root@ubuntu-xenial (ED25519)
<14>Sep 16 10:08:31 ec2: 2048 SHA256:ALhHZSxe2cL23bWrfW3kgl+xncmc4oHDamgqtr5aJe4 root@ubuntu-xenial (RSA)
<14>Sep 16 10:08:31 ec2: -----END SSH HOST KEY FINGERPRINTS-----
<14>Sep 16 10:08:31 ec2: #############################################################
-----BEGIN SSH HOST KEY KEYS-----
ecdsa-sha2-nistp256 AAAAE2VjZHNhLXNoYTItbmlzdHAyNTYAAAAIbmlzdHAyNTYAAABBBPbmbfrBnqWBMNQYphNm82R6A7M/ZhFI8jzhTl+jfek5lUFVOs1IrG4PPgfYiPhZ7ApB47lfRzwzYDR8SA8XUo4= root@ubuntu-xenial
ssh-ed25519 AAAAC3NzaC1lZDI1NTE5AAAAIF6nXraLU1uXJeBOO+SXHl0uwupYPhkpfOz2yjuhlGRV root@ubuntu-xenial
ssh-rsa AAAAB3NzaC1yc2EAAAADAQABAAABAQDhqbv8tGbk3KMG5EIvjegmRjYUz0kPPVYkk2uC2HMLSMZ2uY2DZ/qR2xA633mh9wSTlXXBsjHObWGFvgmtBq5YQZNTdp+HmPSrMdusabvA2Dee4596ff3h5A7txNS3/SR43FcmDozCJ1t2TVfffpwaWn1zXbTLOd9JbWW9zYbYk7h5zHutQGGSD1Fa3K0Fslr4ru1ppofMCHM9picJXaWCLMDKOsYPNXd+kvSEp9BcFnS8lt0hEi6ssX/3/d3BcoW8O6yheXRfUGSrxuQgC1nA8MO7cMR2SU29wjf3T6UGujmfJh13WHeeCi18fwWjWWtCu2/x4aRlPtvxi85Itbqb root@ubuntu-xenial
-----END SSH HOST KEY KEYS-----
[   38.249067] cloud-init[1591]: Cloud-init v. 21.1-19-gbad84ad4-0ubuntu1~16.04.2 running 'modules:final' at Fri, 16 Sep 2022 10:08:31 +0000. Up 37.79 seconds.
[   38.249303] cloud-init[1591]: ci-info: no authorized SSH keys fingerprints found for user ubuntu.
[   38.249878] cloud-init[1591]: Cloud-init v. 21.1-19-gbad84ad4-0ubuntu1~16.04.2 finished at Fri, 16 Sep 2022 10:08:31 +0000. Datasource DataSourceNoCloud [seed=/dev/sdb][dsmode=net].  Up 38.24 seconds
